// Jest Snapshot v1, https://goo.gl/fbAQLP

exports[`Loading is rendered renders Loading as expected with data 1`] = `
<div
  class="sc-nVkyK cRqkdQ"
>
  <img
    class="sc-hiwPVj kolCzS"
    src="/images/users/loadingicon.jpg.png"
  />
</div>
`;
